// Jest Snapshot v1, https://goo.gl/fbAQLP

exports[`WeatherList Component Should render amount of buttons equal to amount of incoming list items 1`] = `
<div>
  <section
    class="container"
  >
    <ol
      class="weatherItemsRow"
    >
      <li
        class="listItem"
      >
        <button
          class="container containerActive"
          type="button"
        >
          <div
            class="additionalText"
          >
            15:00
          </div>
          <section
            class="imageWrapper"
          >
            <img
              alt="Clear"
              src="icons/weather-sun.svg"
            />
          </section>
          <div
            class="temperature"
          >
            14°
          </div>
        </button>
      </li>
      <li
        class="listItem"
      >
        <button
          class="container containerInactive"
          type="button"
        >
          <div
            class="additionalText"
          >
            18:00
          </div>
          <section
            class="imageWrapper"
          >
            <img
              alt="Clear"
              src="icons/weather-sun.svg"
            />
          </section>
          <div
            class="temperature"
          >
            13°
          </div>
        </button>
      </li>
      <li
        class="listItem"
      >
        <button
          class="container containerInactive"
          type="button"
        >
          <div
            class="additionalText"
          >
            21:00
          </div>
          <section
            class="imageWrapper"
          >
            <img
              alt="Clear"
              src="icons/weather-sun.svg"
            />
          </section>
          <div
            class="temperature"
          >
            4°
          </div>
        </button>
      </li>
      <li
        class="listItem"
      >
        <button
          class="container containerInactive"
          type="button"
        >
          <div
            class="additionalText"
          >
            00:00
          </div>
          <section
            class="imageWrapper"
          >
            <img
              alt="Clear"
              src="icons/weather-sun.svg"
            />
          </section>
          <div
            class="temperature"
          >
            0°
          </div>
        </button>
      </li>
      <li
        class="listItem"
      >
        <button
          class="container containerInactive"
          type="button"
        >
          <div
            class="additionalText"
          >
            03:00
          </div>
          <section
            class="imageWrapper"
          >
            <img
              alt="Cloudy"
              src="icons/weather-cloud.svg"
            />
          </section>
          <div
            class="temperature"
          >
            0°
          </div>
        </button>
      </li>
      <li
        class="listItem"
      >
        <button
          class="container containerInactive"
          type="button"
        >
          <div
            class="additionalText"
          >
            06:00
          </div>
          <section
            class="imageWrapper"
          >
            <img
              alt="Cloudy"
              src="icons/weather-cloud.svg"
            />
          </section>
          <div
            class="temperature"
          >
            2°
          </div>
        </button>
      </li>
      <li
        class="listItem"
      >
        <button
          class="container containerInactive"
          type="button"
        >
          <div
            class="additionalText"
          >
            09:00
          </div>
          <section
            class="imageWrapper"
          >
            <img
              alt="Cloudy"
              src="icons/weather-cloud.svg"
            />
          </section>
          <div
            class="temperature"
          >
            3°
          </div>
        </button>
      </li>
      <li
        class="listItem"
      >
        <button
          class="container containerInactive"
          type="button"
        >
          <div
            class="additionalText"
          >
            12:00
          </div>
          <section
            class="imageWrapper"
          >
            <img
              alt="Cloudy"
              src="icons/weather-cloud.svg"
            />
          </section>
          <div
            class="temperature"
          >
            4°
          </div>
        </button>
      </li>
      <li
        class="listItem"
      >
        <button
          class="container containerInactive"
          type="button"
        >
          <div
            class="additionalText"
          >
            15:00
          </div>
          <section
            class="imageWrapper"
          >
            <img
              alt="Cloudy"
              src="icons/weather-cloud.svg"
            />
          </section>
          <div
            class="temperature"
          >
            5°
          </div>
        </button>
      </li>
      <li
        class="listItem"
      >
        <button
          class="container containerInactive"
          type="button"
        >
          <div
            class="additionalText"
          >
            18:00
          </div>
          <section
            class="imageWrapper"
          >
            <img
              alt="Cloudy"
              src="icons/weather-cloud.svg"
            />
          </section>
          <div
            class="temperature"
          >
            3°
          </div>
        </button>
      </li>
      <li
        class="listItem"
      >
        <button
          class="container containerInactive"
          type="button"
        >
          <div
            class="additionalText"
          >
            21:00
          </div>
          <section
            class="imageWrapper"
          >
            <img
              alt="Cloudy"
              src="icons/weather-cloud.svg"
            />
          </section>
          <div
            class="temperature"
          >
            2°
          </div>
        </button>
      </li>
      <li
        class="listItem"
      >
        <button
          class="container containerInactive"
          type="button"
        >
          <div
            class="additionalText"
          >
            00:00
          </div>
          <section
            class="imageWrapper"
          >
            <img
              alt="Cloudy"
              src="icons/weather-cloud.svg"
            />
          </section>
          <div
            class="temperature"
          >
            2°
          </div>
        </button>
      </li>
      <li
        class="listItem"
      >
        <button
          class="container containerInactive"
          type="button"
        >
          <div
            class="additionalText"
          >
            03:00
          </div>
          <section
            class="imageWrapper"
          >
            <img
              alt="Cloudy"
              src="icons/weather-cloud.svg"
            />
          </section>
          <div
            class="temperature"
          >
            2°
          </div>
        </button>
      </li>
      <li
        class="listItem"
      >
        <button
          class="container containerInactive"
          type="button"
        >
          <div
            class="additionalText"
          >
            06:00
          </div>
          <section
            class="imageWrapper"
          >
            <img
              alt="Cloudy"
              src="icons/weather-cloud.svg"
            />
          </section>
          <div
            class="temperature"
          >
            2°
          </div>
        </button>
      </li>
      <li
        class="listItem"
      >
        <button
          class="container containerInactive"
          type="button"
        >
          <div
            class="additionalText"
          >
            09:00
          </div>
          <section
            class="imageWrapper"
          >
            <img
              alt="Cloudy"
              src="icons/weather-cloud.svg"
            />
          </section>
          <div
            class="temperature"
          >
            1°
          </div>
        </button>
      </li>
      <li
        class="listItem"
      >
        <button
          class="container containerInactive"
          type="button"
        >
          <div
            class="additionalText"
          >
            12:00
          </div>
          <section
            class="imageWrapper"
          >
            <img
              alt="Cloudy"
              src="icons/weather-cloud.svg"
            />
          </section>
          <div
            class="temperature"
          >
            2°
          </div>
        </button>
      </li>
      <li
        class="listItem"
      >
        <button
          class="container containerInactive"
          type="button"
        >
          <div
            class="additionalText"
          >
            15:00
          </div>
          <section
            class="imageWrapper"
          >
            <img
              alt="Clear"
              src="icons/weather-sun.svg"
            />
          </section>
          <div
            class="temperature"
          >
            5°
          </div>
        </button>
      </li>
      <li
        class="listItem"
      >
        <button
          class="container containerInactive"
          type="button"
        >
          <div
            class="additionalText"
          >
            18:00
          </div>
          <section
            class="imageWrapper"
          >
            <img
              alt="Clear"
              src="icons/weather-sun.svg"
            />
          </section>
          <div
            class="temperature"
          >
            5°
          </div>
        </button>
      </li>
      <li
        class="listItem"
      >
        <button
          class="container containerInactive"
          type="button"
        >
          <div
            class="additionalText"
          >
            21:00
          </div>
          <section
            class="imageWrapper"
          >
            <img
              alt="Clear"
              src="icons/weather-sun.svg"
            />
          </section>
          <div
            class="temperature"
          >
            1°
          </div>
        </button>
      </li>
      <li
        class="listItem"
      >
        <button
          class="container containerInactive"
          type="button"
        >
          <div
            class="additionalText"
          >
            00:00
          </div>
          <section
            class="imageWrapper"
          >
            <img
              alt="Clear"
              src="icons/weather-sun.svg"
            />
          </section>
          <div
            class="temperature"
          >
            -2°
          </div>
        </button>
      </li>
      <li
        class="listItem"
      >
        <button
          class="container containerInactive"
          type="button"
        >
          <div
            class="additionalText"
          >
            03:00
          </div>
          <section
            class="imageWrapper"
          >
            <img
              alt="Clear"
              src="icons/weather-sun.svg"
            />
          </section>
          <div
            class="temperature"
          >
            -4°
          </div>
        </button>
      </li>
      <li
        class="listItem"
      >
        <button
          class="container containerInactive"
          type="button"
        >
          <div
            class="additionalText"
          >
            06:00
          </div>
          <section
            class="imageWrapper"
          >
            <img
              alt="Clear"
              src="icons/weather-sun.svg"
            />
          </section>
          <div
            class="temperature"
          >
            -5°
          </div>
        </button>
      </li>
      <li
        class="listItem"
      >
        <button
          class="container containerInactive"
          type="button"
        >
          <div
            class="additionalText"
          >
            09:00
          </div>
          <section
            class="imageWrapper"
          >
            <img
              alt="Clear"
              src="icons/weather-sun.svg"
            />
          </section>
          <div
            class="temperature"
          >
            -6°
          </div>
        </button>
      </li>
      <li
        class="listItem"
      >
        <button
          class="container containerInactive"
          type="button"
        >
          <div
            class="additionalText"
          >
            12:00
          </div>
          <section
            class="imageWrapper"
          >
            <img
              alt="Clear"
              src="icons/weather-sun.svg"
            />
          </section>
          <div
            class="temperature"
          >
            0°
          </div>
        </button>
      </li>
      <li
        class="listItem"
      >
        <button
          class="container containerInactive"
          type="button"
        >
          <div
            class="additionalText"
          >
            15:00
          </div>
          <section
            class="imageWrapper"
          >
            <img
              alt="Clear"
              src="icons/weather-sun.svg"
            />
          </section>
          <div
            class="temperature"
          >
            4°
          </div>
        </button>
      </li>
      <li
        class="listItem"
      >
        <button
          class="container containerInactive"
          type="button"
        >
          <div
            class="additionalText"
          >
            18:00
          </div>
          <section
            class="imageWrapper"
          >
            <img
              alt="Clear"
              src="icons/weather-sun.svg"
            />
          </section>
          <div
            class="temperature"
          >
            5°
          </div>
        </button>
      </li>
      <li
        class="listItem"
      >
        <button
          class="container containerInactive"
          type="button"
        >
          <div
            class="additionalText"
          >
            21:00
          </div>
          <section
            class="imageWrapper"
          >
            <img
              alt="Clear"
              src="icons/weather-sun.svg"
            />
          </section>
          <div
            class="temperature"
          >
            -1°
          </div>
        </button>
      </li>
      <li
        class="listItem"
      >
        <button
          class="container containerInactive"
          type="button"
        >
          <div
            class="additionalText"
          >
            00:00
          </div>
          <section
            class="imageWrapper"
          >
            <img
              alt="Clear"
              src="icons/weather-sun.svg"
            />
          </section>
          <div
            class="temperature"
          >
            -4°
          </div>
        </button>
      </li>
      <li
        class="listItem"
      >
        <button
          class="container containerInactive"
          type="button"
        >
          <div
            class="additionalText"
          >
            03:00
          </div>
          <section
            class="imageWrapper"
          >
            <img
              alt="Clear"
              src="icons/weather-sun.svg"
            />
          </section>
          <div
            class="temperature"
          >
            -4°
          </div>
        </button>
      </li>
      <li
        class="listItem"
      >
        <button
          class="container containerInactive"
          type="button"
        >
          <div
            class="additionalText"
          >
            06:00
          </div>
          <section
            class="imageWrapper"
          >
            <img
              alt="Clear"
              src="icons/weather-sun.svg"
            />
          </section>
          <div
            class="temperature"
          >
            -5°
          </div>
        </button>
      </li>
      <li
        class="listItem"
      >
        <button
          class="container containerInactive"
          type="button"
        >
          <div
            class="additionalText"
          >
            09:00
          </div>
          <section
            class="imageWrapper"
          >
            <img
              alt="Clear"
              src="icons/weather-sun.svg"
            />
          </section>
          <div
            class="temperature"
          >
            -5°
          </div>
        </button>
      </li>
      <li
        class="listItem"
      >
        <button
          class="container containerInactive"
          type="button"
        >
          <div
            class="additionalText"
          >
            12:00
          </div>
          <section
            class="imageWrapper"
          >
            <img
              alt="Clear"
              src="icons/weather-sun.svg"
            />
          </section>
          <div
            class="temperature"
          >
            1°
          </div>
        </button>
      </li>
      <li
        class="listItem"
      >
        <button
          class="container containerInactive"
          type="button"
        >
          <div
            class="additionalText"
          >
            15:00
          </div>
          <section
            class="imageWrapper"
          >
            <img
              alt="Clear"
              src="icons/weather-sun.svg"
            />
          </section>
          <div
            class="temperature"
          >
            6°
          </div>
        </button>
      </li>
      <li
        class="listItem"
      >
        <button
          class="container containerInactive"
          type="button"
        >
          <div
            class="additionalText"
          >
            18:00
          </div>
          <section
            class="imageWrapper"
          >
            <img
              alt="Clear"
              src="icons/weather-sun.svg"
            />
          </section>
          <div
            class="temperature"
          >
            6°
          </div>
        </button>
      </li>
      <li
        class="listItem"
      >
        <button
          class="container containerInactive"
          type="button"
        >
          <div
            class="additionalText"
          >
            21:00
          </div>
          <section
            class="imageWrapper"
          >
            <img
              alt="Cloudy"
              src="icons/weather-cloud.svg"
            />
          </section>
          <div
            class="temperature"
          >
            1°
          </div>
        </button>
      </li>
      <li
        class="listItem"
      >
        <button
          class="container containerInactive"
          type="button"
        >
          <div
            class="additionalText"
          >
            00:00
          </div>
          <section
            class="imageWrapper"
          >
            <img
              alt="Cloudy"
              src="icons/weather-cloud.svg"
            />
          </section>
          <div
            class="temperature"
          >
            -1°
          </div>
        </button>
      </li>
    </ol>
  </section>
</div>
`;

exports[`WeatherList Component Should render no buttons if there's no list items 1`] = `
<div>
  <section
    class="container"
  >
    <ol
      class="weatherItemsRow"
    />
  </section>
</div>
`;

exports[`WeatherList Component Should render properly if there's proper data 1`] = `
<div>
  <section
    class="container"
  >
    <ol
      class="weatherItemsRow"
    >
      <li
        class="listItem"
      >
        <button
          class="container containerActive"
          type="button"
        >
          <div
            class="additionalText"
          >
            15:00
          </div>
          <section
            class="imageWrapper"
          >
            <img
              alt="Clear"
              src="icons/weather-sun.svg"
            />
          </section>
          <div
            class="temperature"
          >
            14°
          </div>
        </button>
      </li>
      <li
        class="listItem"
      >
        <button
          class="container containerInactive"
          type="button"
        >
          <div
            class="additionalText"
          >
            18:00
          </div>
          <section
            class="imageWrapper"
          >
            <img
              alt="Clear"
              src="icons/weather-sun.svg"
            />
          </section>
          <div
            class="temperature"
          >
            13°
          </div>
        </button>
      </li>
      <li
        class="listItem"
      >
        <button
          class="container containerInactive"
          type="button"
        >
          <div
            class="additionalText"
          >
            21:00
          </div>
          <section
            class="imageWrapper"
          >
            <img
              alt="Clear"
              src="icons/weather-sun.svg"
            />
          </section>
          <div
            class="temperature"
          >
            4°
          </div>
        </button>
      </li>
      <li
        class="listItem"
      >
        <button
          class="container containerInactive"
          type="button"
        >
          <div
            class="additionalText"
          >
            00:00
          </div>
          <section
            class="imageWrapper"
          >
            <img
              alt="Clear"
              src="icons/weather-sun.svg"
            />
          </section>
          <div
            class="temperature"
          >
            0°
          </div>
        </button>
      </li>
      <li
        class="listItem"
      >
        <button
          class="container containerInactive"
          type="button"
        >
          <div
            class="additionalText"
          >
            03:00
          </div>
          <section
            class="imageWrapper"
          >
            <img
              alt="Cloudy"
              src="icons/weather-cloud.svg"
            />
          </section>
          <div
            class="temperature"
          >
            0°
          </div>
        </button>
      </li>
      <li
        class="listItem"
      >
        <button
          class="container containerInactive"
          type="button"
        >
          <div
            class="additionalText"
          >
            06:00
          </div>
          <section
            class="imageWrapper"
          >
            <img
              alt="Cloudy"
              src="icons/weather-cloud.svg"
            />
          </section>
          <div
            class="temperature"
          >
            2°
          </div>
        </button>
      </li>
      <li
        class="listItem"
      >
        <button
          class="container containerInactive"
          type="button"
        >
          <div
            class="additionalText"
          >
            09:00
          </div>
          <section
            class="imageWrapper"
          >
            <img
              alt="Cloudy"
              src="icons/weather-cloud.svg"
            />
          </section>
          <div
            class="temperature"
          >
            3°
          </div>
        </button>
      </li>
      <li
        class="listItem"
      >
        <button
          class="container containerInactive"
          type="button"
        >
          <div
            class="additionalText"
          >
            12:00
          </div>
          <section
            class="imageWrapper"
          >
            <img
              alt="Cloudy"
              src="icons/weather-cloud.svg"
            />
          </section>
          <div
            class="temperature"
          >
            4°
          </div>
        </button>
      </li>
      <li
        class="listItem"
      >
        <button
          class="container containerInactive"
          type="button"
        >
          <div
            class="additionalText"
          >
            15:00
          </div>
          <section
            class="imageWrapper"
          >
            <img
              alt="Cloudy"
              src="icons/weather-cloud.svg"
            />
          </section>
          <div
            class="temperature"
          >
            5°
          </div>
        </button>
      </li>
      <li
        class="listItem"
      >
        <button
          class="container containerInactive"
          type="button"
        >
          <div
            class="additionalText"
          >
            18:00
          </div>
          <section
            class="imageWrapper"
          >
            <img
              alt="Cloudy"
              src="icons/weather-cloud.svg"
            />
          </section>
          <div
            class="temperature"
          >
            3°
          </div>
        </button>
      </li>
      <li
        class="listItem"
      >
        <button
          class="container containerInactive"
          type="button"
        >
          <div
            class="additionalText"
          >
            21:00
          </div>
          <section
            class="imageWrapper"
          >
            <img
              alt="Cloudy"
              src="icons/weather-cloud.svg"
            />
          </section>
          <div
            class="temperature"
          >
            2°
          </div>
        </button>
      </li>
      <li
        class="listItem"
      >
        <button
          class="container containerInactive"
          type="button"
        >
          <div
            class="additionalText"
          >
            00:00
          </div>
          <section
            class="imageWrapper"
          >
            <img
              alt="Cloudy"
              src="icons/weather-cloud.svg"
            />
          </section>
          <div
            class="temperature"
          >
            2°
          </div>
        </button>
      </li>
      <li
        class="listItem"
      >
        <button
          class="container containerInactive"
          type="button"
        >
          <div
            class="additionalText"
          >
            03:00
          </div>
          <section
            class="imageWrapper"
          >
            <img
              alt="Cloudy"
              src="icons/weather-cloud.svg"
            />
          </section>
          <div
            class="temperature"
          >
            2°
          </div>
        </button>
      </li>
      <li
        class="listItem"
      >
        <button
          class="container containerInactive"
          type="button"
        >
          <div
            class="additionalText"
          >
            06:00
          </div>
          <section
            class="imageWrapper"
          >
            <img
              alt="Cloudy"
              src="icons/weather-cloud.svg"
            />
          </section>
          <div
            class="temperature"
          >
            2°
          </div>
        </button>
      </li>
      <li
        class="listItem"
      >
        <button
          class="container containerInactive"
          type="button"
        >
          <div
            class="additionalText"
          >
            09:00
          </div>
          <section
            class="imageWrapper"
          >
            <img
              alt="Cloudy"
              src="icons/weather-cloud.svg"
            />
          </section>
          <div
            class="temperature"
          >
            1°
          </div>
        </button>
      </li>
      <li
        class="listItem"
      >
        <button
          class="container containerInactive"
          type="button"
        >
          <div
            class="additionalText"
          >
            12:00
          </div>
          <section
            class="imageWrapper"
          >
            <img
              alt="Cloudy"
              src="icons/weather-cloud.svg"
            />
          </section>
          <div
            class="temperature"
          >
            2°
          </div>
        </button>
      </li>
      <li
        class="listItem"
      >
        <button
          class="container containerInactive"
          type="button"
        >
          <div
            class="additionalText"
          >
            15:00
          </div>
          <section
            class="imageWrapper"
          >
            <img
              alt="Clear"
              src="icons/weather-sun.svg"
            />
          </section>
          <div
            class="temperature"
          >
            5°
          </div>
        </button>
      </li>
      <li
        class="listItem"
      >
        <button
          class="container containerInactive"
          type="button"
        >
          <div
            class="additionalText"
          >
            18:00
          </div>
          <section
            class="imageWrapper"
          >
            <img
              alt="Clear"
              src="icons/weather-sun.svg"
            />
          </section>
          <div
            class="temperature"
          >
            5°
          </div>
        </button>
      </li>
      <li
        class="listItem"
      >
        <button
          class="container containerInactive"
          type="button"
        >
          <div
            class="additionalText"
          >
            21:00
          </div>
          <section
            class="imageWrapper"
          >
            <img
              alt="Clear"
              src="icons/weather-sun.svg"
            />
          </section>
          <div
            class="temperature"
          >
            1°
          </div>
        </button>
      </li>
      <li
        class="listItem"
      >
        <button
          class="container containerInactive"
          type="button"
        >
          <div
            class="additionalText"
          >
            00:00
          </div>
          <section
            class="imageWrapper"
          >
            <img
              alt="Clear"
              src="icons/weather-sun.svg"
            />
          </section>
          <div
            class="temperature"
          >
            -2°
          </div>
        </button>
      </li>
      <li
        class="listItem"
      >
        <button
          class="container containerInactive"
          type="button"
        >
          <div
            class="additionalText"
          >
            03:00
          </div>
          <section
            class="imageWrapper"
          >
            <img
              alt="Clear"
              src="icons/weather-sun.svg"
            />
          </section>
          <div
            class="temperature"
          >
            -4°
          </div>
        </button>
      </li>
      <li
        class="listItem"
      >
        <button
          class="container containerInactive"
          type="button"
        >
          <div
            class="additionalText"
          >
            06:00
          </div>
          <section
            class="imageWrapper"
          >
            <img
              alt="Clear"
              src="icons/weather-sun.svg"
            />
          </section>
          <div
            class="temperature"
          >
            -5°
          </div>
        </button>
      </li>
      <li
        class="listItem"
      >
        <button
          class="container containerInactive"
          type="button"
        >
          <div
            class="additionalText"
          >
            09:00
          </div>
          <section
            class="imageWrapper"
          >
            <img
              alt="Clear"
              src="icons/weather-sun.svg"
            />
          </section>
          <div
            class="temperature"
          >
            -6°
          </div>
        </button>
      </li>
      <li
        class="listItem"
      >
        <button
          class="container containerInactive"
          type="button"
        >
          <div
            class="additionalText"
          >
            12:00
          </div>
          <section
            class="imageWrapper"
          >
            <img
              alt="Clear"
              src="icons/weather-sun.svg"
            />
          </section>
          <div
            class="temperature"
          >
            0°
          </div>
        </button>
      </li>
      <li
        class="listItem"
      >
        <button
          class="container containerInactive"
          type="button"
        >
          <div
            class="additionalText"
          >
            15:00
          </div>
          <section
            class="imageWrapper"
          >
            <img
              alt="Clear"
              src="icons/weather-sun.svg"
            />
          </section>
          <div
            class="temperature"
          >
            4°
          </div>
        </button>
      </li>
      <li
        class="listItem"
      >
        <button
          class="container containerInactive"
          type="button"
        >
          <div
            class="additionalText"
          >
            18:00
          </div>
          <section
            class="imageWrapper"
          >
            <img
              alt="Clear"
              src="icons/weather-sun.svg"
            />
          </section>
          <div
            class="temperature"
          >
            5°
          </div>
        </button>
      </li>
      <li
        class="listItem"
      >
        <button
          class="container containerInactive"
          type="button"
        >
          <div
            class="additionalText"
          >
            21:00
          </div>
          <section
            class="imageWrapper"
          >
            <img
              alt="Clear"
              src="icons/weather-sun.svg"
            />
          </section>
          <div
            class="temperature"
          >
            -1°
          </div>
        </button>
      </li>
      <li
        class="listItem"
      >
        <button
          class="container containerInactive"
          type="button"
        >
          <div
            class="additionalText"
          >
            00:00
          </div>
          <section
            class="imageWrapper"
          >
            <img
              alt="Clear"
              src="icons/weather-sun.svg"
            />
          </section>
          <div
            class="temperature"
          >
            -4°
          </div>
        </button>
      </li>
      <li
        class="listItem"
      >
        <button
          class="container containerInactive"
          type="button"
        >
          <div
            class="additionalText"
          >
            03:00
          </div>
          <section
            class="imageWrapper"
          >
            <img
              alt="Clear"
              src="icons/weather-sun.svg"
            />
          </section>
          <div
            class="temperature"
          >
            -4°
          </div>
        </button>
      </li>
      <li
        class="listItem"
      >
        <button
          class="container containerInactive"
          type="button"
        >
          <div
            class="additionalText"
          >
            06:00
          </div>
          <section
            class="imageWrapper"
          >
            <img
              alt="Clear"
              src="icons/weather-sun.svg"
            />
          </section>
          <div
            class="temperature"
          >
            -5°
          </div>
        </button>
      </li>
      <li
        class="listItem"
      >
        <button
          class="container containerInactive"
          type="button"
        >
          <div
            class="additionalText"
          >
            09:00
          </div>
          <section
            class="imageWrapper"
          >
            <img
              alt="Clear"
              src="icons/weather-sun.svg"
            />
          </section>
          <div
            class="temperature"
          >
            -5°
          </div>
        </button>
      </li>
      <li
        class="listItem"
      >
        <button
          class="container containerInactive"
          type="button"
        >
          <div
            class="additionalText"
          >
            12:00
          </div>
          <section
            class="imageWrapper"
          >
            <img
              alt="Clear"
              src="icons/weather-sun.svg"
            />
          </section>
          <div
            class="temperature"
          >
            1°
          </div>
        </button>
      </li>
      <li
        class="listItem"
      >
        <button
          class="container containerInactive"
          type="button"
        >
          <div
            class="additionalText"
          >
            15:00
          </div>
          <section
            class="imageWrapper"
          >
            <img
              alt="Clear"
              src="icons/weather-sun.svg"
            />
          </section>
          <div
            class="temperature"
          >
            6°
          </div>
        </button>
      </li>
      <li
        class="listItem"
      >
        <button
          class="container containerInactive"
          type="button"
        >
          <div
            class="additionalText"
          >
            18:00
          </div>
          <section
            class="imageWrapper"
          >
            <img
              alt="Clear"
              src="icons/weather-sun.svg"
            />
          </section>
          <div
            class="temperature"
          >
            6°
          </div>
        </button>
      </li>
      <li
        class="listItem"
      >
        <button
          class="container containerInactive"
          type="button"
        >
          <div
            class="additionalText"
          >
            21:00
          </div>
          <section
            class="imageWrapper"
          >
            <img
              alt="Cloudy"
              src="icons/weather-cloud.svg"
            />
          </section>
          <div
            class="temperature"
          >
            1°
          </div>
        </button>
      </li>
      <li
        class="listItem"
      >
        <button
          class="container containerInactive"
          type="button"
        >
          <div
            class="additionalText"
          >
            00:00
          </div>
          <section
            class="imageWrapper"
          >
            <img
              alt="Cloudy"
              src="icons/weather-cloud.svg"
            />
          </section>
          <div
            class="temperature"
          >
            -1°
          </div>
        </button>
      </li>
    </ol>
  </section>
</div>
`;
